LX51 LINKER/LOCATER V4.41                                                               03/07/2019  21:36:39  PAGE 1


LX51 LINKER/LOCATER V4.41, INVOKED BY:
D:\KEIL C\C51\BIN\LX51.EXE delay.obj, LCD4.obj, main.obj TO LCDv2 RU


CPU MODE:     8051 MODE
MEMORY MODEL: SMALL


INPUT MODULES INCLUDED:
  delay.obj (DELAY)
         COMMENT TYPE 0: C51 V9.01
  LCD4.obj (LCD4)
         COMMENT TYPE 0: C51 V9.01
  main.obj (MAIN)
         COMMENT TYPE 0: C51 V9.01
  D:\KEIL C\C51\LIB\C51S.LIB (?C_STARTUP)
         COMMENT TYPE 1: A51 / ASM51 Assembler
  D:\KEIL C\C51\LIB\C51S.LIB (?C?CLDOPTR)
         COMMENT TYPE 1: A51 / ASM51 Assembler


ACTIVE MEMORY CLASSES OF MODULE:  LCDv2 (DELAY)

BASE        START       END         USED      MEMORY CLASS
==========================================================
C:000000H   C:000000H   C:00FFFFH   000185H   CODE
I:000000H   I:000000H   I:00007FH   00000BH   DATA
I:000000H   I:000000H   I:0000FFH   000001H   IDATA


MEMORY MAP OF MODULE:  LCDv2 (DELAY)


START     STOP      LENGTH    ALIGN  RELOC    MEMORY CLASS   SEGMENT NAME
=========================================================================

* * * * * * * * * * *   D A T A   M E M O R Y   * * * * * * * * * * * * *
000000H   000007H   000008H   ---    AT..     DATA           "REG BANK 0"
000008H   00000AH   000003H   BYTE   UNIT     DATA           _DATA_GROUP_
00000BH   00000BH   000001H   BYTE   UNIT     IDATA          ?STACK

* * * * * * * * * * *   C O D E   M E M O R Y   * * * * * * * * * * * * *
000000H   000002H   000003H   ---    OFFS..   CODE           ?CO??C_STARTUP?0
000003H   00005EH   00005CH   BYTE   UNIT     CODE           ?PR?LCD_INIT?LCD4
00005FH   00008BH   00002DH   BYTE   UNIT     CODE           ?C?LIB_CODE
00008CH   0000ABH   000020H   BYTE   UNIT     CODE           ?PR?_DELAY?DELAY
0000ACH   0000CBH   000020H   BYTE   UNIT     CODE           ?PR?_LCD_CMD?LCD4
0000CCH   0000EBH   000020H   BYTE   UNIT     CODE           ?PR?_LCD_OUT_CP?LCD4
0000ECH   000109H   00001EH   BYTE   UNIT     CODE           ?PR?MAIN?MAIN
00010AH   000127H   00001EH   BYTE   UNIT     CODE           ?CO?MAIN
000128H   00013FH   000018H   BYTE   UNIT     CODE           ?PR?_LCD_WRITE_LOW_NIBBLE?LCD4
000140H   000151H   000012H   BYTE   UNIT     CODE           ?PR?_LCD_WRITE_HIGH_NIBBLE?LCD4
000152H   000161H   000010H   BYTE   UNIT     CODE           ?PR?_LCD_CHR_CP?LCD4
000162H   000171H   000010H   BYTE   UNIT     CODE           ?PR?_LCD_GOTOXY?LCD4
000172H   00017DH   00000CH   BYTE   UNIT     CODE           ?C_C51STARTUP
00017EH   000184H   000007H   BYTE   UNIT     CODE           ?PR?_LCD_DELAY_US?LCD4

* * * * * * * * *   R E M O V E D     S E G M E N T S   * * * * * * * *
   *DEL*:           000017H   BYTE   UNIT     CODE           ?PR?_LCD_CHR?LCD4
   *DEL*:           000001H   BYTE   UNIT     DATA           ?DT?_LCD_CHR?LCD4
   *DEL*:           00001FH   BYTE   UNIT     CODE           ?PR?_LCD_OUT?LCD4
   *DEL*:           000003H   BYTE   UNIT     DATA           ?DT?_LCD_OUT?LCD4
   *DEL*:           00002AH   BYTE   UNIT     CODE           ?PR?_LCD_CUSTOM_CHR?LCD4
   *DEL*:           000003H   BYTE   UNIT     DATA           ?DT?_LCD_CUSTOM_CHR?LCD4


LX51 LINKER/LOCATER V4.41                                                             03/07/2019  21:36:39  PAGE 2



OVERLAY MAP OF MODULE:   LCDv2 (DELAY)


FUNCTION/MODULE                   BIT_GROUP   DATA_GROUP 
--> CALLED FUNCTION/MODULE       START  STOP  START  STOP
=========================================================
?C_C51STARTUP                    ----- -----  ----- -----
  +--> ?PR?MAIN?MAIN

MAIN/MAIN                        ----- -----  ----- -----
  +--> ?PR?LCD_INIT?LCD4
  +--> ?CO?MAIN
  +--> ?PR?_LCD_OUT_CP?LCD4
  +--> ?PR?_LCD_GOTOXY?LCD4

LCD_INIT/LCD4                    ----- -----  ----- -----
  +--> ?PR?_DELAY?DELAY
  +--> ?PR?_LCD_WRITE_LOW_NIBBLE?LCD4
  +--> ?PR?_LCD_DELAY_US?LCD4
  +--> ?PR?_LCD_CMD?LCD4

_DELAY/DELAY                     ----- -----  ----- -----

_LCD_WRITE_LOW_NIBBLE/LCD4       ----- -----  ----- -----
  +--> ?PR?_LCD_WRITE_HIGH_NIBBLE?LCD4

_LCD_WRITE_HIGH_NIBBLE/LCD4      ----- -----  ----- -----

_LCD_DELAY_US/LCD4               ----- -----  ----- -----

_LCD_CMD/LCD4                    ----- -----  ----- -----
  +--> ?PR?_LCD_WRITE_LOW_NIBBLE?LCD4
  +--> ?PR?_DELAY?DELAY
  +--> ?PR?_LCD_DELAY_US?LCD4

?CO?MAIN                         ----- -----  ----- -----

_LCD_OUT_CP/LCD4                 ----- -----  0008H 000AH
  +--> ?PR?_LCD_CHR_CP?LCD4

_LCD_CHR_CP/LCD4                 ----- -----  ----- -----
  +--> ?PR?_LCD_WRITE_LOW_NIBBLE?LCD4
  +--> ?PR?_LCD_DELAY_US?LCD4

_LCD_GOTOXY/LCD4                 ----- -----  ----- -----
  +--> ?PR?_LCD_CMD?LCD4



PUBLIC SYMBOLS OF MODULE:  LCDv2 (DELAY)


      VALUE       CLASS    TYPE      PUBLIC SYMBOL NAME
      =================================================
      0100005FH   CODE     ---       ?C?CLDOPTR
      00000000H   NUMBER   ---       ?C?CODESEG
      00000000H   NUMBER   ---       ?C?XDATASEG
      010000ECH   CODE     ---       ?C_START
      01000000H   CODE     ---       ?C_STARTUP
      0100008CH   CODE     ---       _delay
*DEL*:00000000H   CODE     ---       _Lcd_Chr
      01000152H   CODE     ---       _Lcd_Chr_Cp
      010000ACH   CODE     ---       _Lcd_Cmd
*DEL*:00000000H   CODE     ---       _Lcd_Custom_Chr
LX51 LINKER/LOCATER V4.41                                                             03/07/2019  21:36:39  PAGE 3


      0100017EH   CODE     ---       _Lcd_Delay_us
      01000162H   CODE     ---       _Lcd_gotoxy
*DEL*:00000000H   CODE     ---       _Lcd_Out
      010000CCH   CODE     ---       _Lcd_Out_Cp
      01000140H   CODE     ---       _Lcd_Write_High_Nibble
      0100012FH   CODE     ---       _Lcd_Write_Low_Nibble
*SFR* 000000D0H.6 DATA     BIT       AC
*SFR* 000000E0H   DATA     BYTE      ACC
*SFR* 000000F0H   DATA     BYTE      B
*SFR* 000000C8H.1 DATA     BIT       C_T2
*SFR* 000000C8H   DATA     BIT       CP_RL2
*SFR* 000000D0H.7 DATA     BIT       CY
*SFR* 00000083H   DATA     BYTE      DPH
*SFR* 00000082H   DATA     BYTE      DPL
*SFR* 000000A8H.7 DATA     BIT       EA
*SFR* 000000A8H.4 DATA     BIT       ES
*SFR* 000000A8H.1 DATA     BIT       ET0
*SFR* 000000A8H.3 DATA     BIT       ET1
*SFR* 000000A8H.5 DATA     BIT       ET2
*SFR* 000000A8H   DATA     BIT       EX0
*SFR* 000000A8H.2 DATA     BIT       EX1
*SFR* 000000C8H.3 DATA     BIT       EXEN2
*SFR* 000000C8H.6 DATA     BIT       EXF2
*SFR* 000000D0H.5 DATA     BIT       F0
*SFR* 000000D0H.1 DATA     BIT       F1
*SFR* 000000A8H   DATA     BYTE      IE
*SFR* 00000088H.1 DATA     BIT       IE0
*SFR* 00000088H.3 DATA     BIT       IE1
*SFR* 000000B0H.2 DATA     BIT       INT0
*SFR* 000000B0H.3 DATA     BIT       INT1
*SFR* 000000B8H   DATA     BYTE      IP
*SFR* 00000088H   DATA     BIT       IT0
*SFR* 00000088H.2 DATA     BIT       IT1
*SFR* 00000080H.3 DATA     BIT       LCD_D4
*SFR* 00000080H.4 DATA     BIT       LCD_D5
*SFR* 00000080H.5 DATA     BIT       LCD_D6
*SFR* 00000080H.6 DATA     BIT       LCD_D7
*SFR* 00000080H.2 DATA     BIT       LCD_EN
      01000003H   CODE     ---       Lcd_Init
*SFR* 00000080H   DATA     BIT       LCD_RS
*SFR* 00000080H.1 DATA     BIT       LCD_RW
      010000ECH   CODE     ---       main
*SFR* 000000D0H.2 DATA     BIT       OV
*SFR* 000000D0H   DATA     BIT       P
*SFR* 00000080H   DATA     BYTE      P0
*SFR* 00000080H   DATA     BIT       P0_0
*SFR* 00000080H.1 DATA     BIT       P0_1
*SFR* 00000080H.2 DATA     BIT       P0_2
*SFR* 00000080H.3 DATA     BIT       P0_3
*SFR* 00000080H.4 DATA     BIT       P0_4
*SFR* 00000080H.5 DATA     BIT       P0_5
*SFR* 00000080H.6 DATA     BIT       P0_6
*SFR* 00000080H.7 DATA     BIT       P0_7
*SFR* 00000090H   DATA     BYTE      P1
*SFR* 00000090H   DATA     BIT       P1_0
*SFR* 00000090H.1 DATA     BIT       P1_1
*SFR* 00000090H.2 DATA     BIT       P1_2
*SFR* 00000090H.3 DATA     BIT       P1_3
*SFR* 00000090H.4 DATA     BIT       P1_4
*SFR* 00000090H.5 DATA     BIT       P1_5
*SFR* 00000090H.6 DATA     BIT       P1_6
*SFR* 00000090H.7 DATA     BIT       P1_7
*SFR* 000000A0H   DATA     BYTE      P2
*SFR* 000000A0H   DATA     BIT       P2_0
*SFR* 000000A0H.1 DATA     BIT       P2_1
LX51 LINKER/LOCATER V4.41                                                             03/07/2019  21:36:39  PAGE 4


*SFR* 000000A0H.2 DATA     BIT       P2_2
*SFR* 000000A0H.3 DATA     BIT       P2_3
*SFR* 000000A0H.4 DATA     BIT       P2_4
*SFR* 000000A0H.5 DATA     BIT       P2_5
*SFR* 000000A0H.6 DATA     BIT       P2_6
*SFR* 000000A0H.7 DATA     BIT       P2_7
*SFR* 000000B0H   DATA     BYTE      P3
*SFR* 000000B0H   DATA     BIT       P3_0
*SFR* 000000B0H.1 DATA     BIT       P3_1
*SFR* 000000B0H.2 DATA     BIT       P3_2
*SFR* 000000B0H.3 DATA     BIT       P3_3
*SFR* 000000B0H.4 DATA     BIT       P3_4
*SFR* 000000B0H.5 DATA     BIT       P3_5
*SFR* 000000B0H.6 DATA     BIT       P3_6
*SFR* 000000B0H.7 DATA     BIT       P3_7
*SFR* 00000087H   DATA     BYTE      PCON
*SFR* 000000B8H.4 DATA     BIT       PS
*SFR* 000000D0H   DATA     BYTE      PSW
*SFR* 000000B8H.1 DATA     BIT       PT0
*SFR* 000000B8H.3 DATA     BIT       PT1
*SFR* 000000B8H.5 DATA     BIT       PT2
*SFR* 000000B8H   DATA     BIT       PX0
*SFR* 000000B8H.2 DATA     BIT       PX1
*SFR* 00000098H.2 DATA     BIT       RB8
*SFR* 000000CBH   DATA     BYTE      RCAP2H
*SFR* 000000CAH   DATA     BYTE      RCAP2L
*SFR* 000000C8H.5 DATA     BIT       RCLK
*SFR* 000000B0H.7 DATA     BIT       RD
*SFR* 00000098H.4 DATA     BIT       REN
*SFR* 00000098H   DATA     BIT       RI
*SFR* 000000D0H.3 DATA     BIT       RS0
*SFR* 000000D0H.4 DATA     BIT       RS1
*SFR* 000000B0H   DATA     BIT       RXD
*SFR* 00000099H   DATA     BYTE      SBUF
*SFR* 00000098H   DATA     BYTE      SCON
*SFR* 00000098H.7 DATA     BIT       SM0
*SFR* 00000098H.6 DATA     BIT       SM1
*SFR* 00000098H.5 DATA     BIT       SM2
*SFR* 00000081H   DATA     BYTE      SP
*SFR* 000000B0H.4 DATA     BIT       T0
*SFR* 000000B0H.5 DATA     BIT       T1
*SFR* 00000090H   DATA     BIT       T2
*SFR* 000000C8H   DATA     BYTE      T2CON
*SFR* 00000090H.1 DATA     BIT       T2EX
*SFR* 000000C9H   DATA     BYTE      T2MOD
*SFR* 00000098H.3 DATA     BIT       TB8
*SFR* 000000C8H.4 DATA     BIT       TCLK
*SFR* 00000088H   DATA     BYTE      TCON
*SFR* 00000088H.5 DATA     BIT       TF0
*SFR* 00000088H.7 DATA     BIT       TF1
*SFR* 000000C8H.7 DATA     BIT       TF2
*SFR* 0000008CH   DATA     BYTE      TH0
*SFR* 0000008DH   DATA     BYTE      TH1
*SFR* 000000CDH   DATA     BYTE      TH2
*SFR* 00000098H.1 DATA     BIT       TI
*SFR* 0000008AH   DATA     BYTE      TL0
*SFR* 0000008BH   DATA     BYTE      TL1
*SFR* 000000CCH   DATA     BYTE      TL2
*SFR* 00000089H   DATA     BYTE      TMOD
*SFR* 00000088H.4 DATA     BIT       TR0
*SFR* 00000088H.6 DATA     BIT       TR1
*SFR* 000000C8H.2 DATA     BIT       TR2
*SFR* 000000B0H.1 DATA     BIT       TXD
*SFR* 000000B0H.6 DATA     BIT       WR

LX51 LINKER/LOCATER V4.41                                                             03/07/2019  21:36:39  PAGE 5




SYMBOL TABLE OF MODULE:  LCDv2 (DELAY)

      VALUE       REP       CLASS    TYPE      SYMBOL NAME
      ====================================================
      ---         MODULE    ---      ---       DELAY
      0100008CH   PUBLIC    CODE     ---       _delay

      0100008CH   BLOCK     CODE     ---       LVL=0
      00000006H   SYMBOL    DATA     WORD      t
      0100008CH   BLOCK     CODE     NEAR LAB  LVL=1
      00000004H   SYMBOL    DATA     WORD      x
      00000002H   SYMBOL    DATA     WORD      y
      ---         BLOCKEND  ---      ---       LVL=1
      0100008CH   LINE      CODE     ---       #2
      0100008CH   LINE      CODE     ---       #3
      0100008CH   LINE      CODE     ---       #5
      01000096H   LINE      CODE     ---       #6
      010000ABH   LINE      CODE     ---       #7
      ---         BLOCKEND  ---      ---       LVL=0

      ---         MODULE    ---      ---       LCD4
      01000162H   PUBLIC    CODE     ---       _Lcd_gotoxy
      010000CCH   PUBLIC    CODE     ---       _Lcd_Out_Cp
      01000152H   PUBLIC    CODE     ---       _Lcd_Chr_Cp
      010000ACH   PUBLIC    CODE     ---       _Lcd_Cmd
      01000003H   PUBLIC    CODE     ---       Lcd_Init
      0100017EH   PUBLIC    CODE     ---       _Lcd_Delay_us
      0100012FH   PUBLIC    CODE     ---       _Lcd_Write_Low_Nibble
      01000140H   PUBLIC    CODE     ---       _Lcd_Write_High_Nibble
      00000080H   SFRSYM    DATA     BYTE      P0
      00000090H   SFRSYM    DATA     BYTE      P1
      000000A0H   SFRSYM    DATA     BYTE      P2
      000000B0H   SFRSYM    DATA     BYTE      P3
      000000D0H.6 SFRSYM    DATA     BIT       AC
      000000B0H.4 SFRSYM    DATA     BIT       T0
      000000B0H.5 SFRSYM    DATA     BIT       T1
      000000A8H.7 SFRSYM    DATA     BIT       EA
      00000090H   SFRSYM    DATA     BIT       T2
      000000A8H   SFRSYM    DATA     BYTE      IE
      00000080H   SFRSYM    DATA     BIT       P0_0
      00000090H   SFRSYM    DATA     BIT       P1_0
      00000080H.1 SFRSYM    DATA     BIT       P0_1
      000000A0H   SFRSYM    DATA     BIT       P2_0
      00000090H.1 SFRSYM    DATA     BIT       P1_1
      00000080H.2 SFRSYM    DATA     BIT       P0_2
      000000B0H   SFRSYM    DATA     BIT       P3_0
      000000A0H.1 SFRSYM    DATA     BIT       P2_1
      00000090H.2 SFRSYM    DATA     BIT       P1_2
      00000080H.3 SFRSYM    DATA     BIT       P0_3
      000000B0H.1 SFRSYM    DATA     BIT       P3_1
      000000A0H.2 SFRSYM    DATA     BIT       P2_2
      00000090H.3 SFRSYM    DATA     BIT       P1_3
      00000080H.4 SFRSYM    DATA     BIT       P0_4
      000000B0H.2 SFRSYM    DATA     BIT       P3_2
      000000A0H.3 SFRSYM    DATA     BIT       P2_3
      00000090H.4 SFRSYM    DATA     BIT       P1_4
      00000080H.5 SFRSYM    DATA     BIT       P0_5
      000000C8H.6 SFRSYM    DATA     BIT       EXF2
      000000B0H.7 SFRSYM    DATA     BIT       RD
      000000B0H.3 SFRSYM    DATA     BIT       P3_3
      000000A0H.4 SFRSYM    DATA     BIT       P2_4
      00000090H.5 SFRSYM    DATA     BIT       P1_5
      00000080H.6 SFRSYM    DATA     BIT       P0_6
LX51 LINKER/LOCATER V4.41                                                             03/07/2019  21:36:39  PAGE 6


      000000B0H.4 SFRSYM    DATA     BIT       P3_4
      000000A0H.5 SFRSYM    DATA     BIT       P2_5
      00000090H.6 SFRSYM    DATA     BIT       P1_6
      00000080H.7 SFRSYM    DATA     BIT       P0_7
      000000B0H.5 SFRSYM    DATA     BIT       P3_5
      000000A8H.4 SFRSYM    DATA     BIT       ES
      000000A0H.6 SFRSYM    DATA     BIT       P2_6
      00000090H.7 SFRSYM    DATA     BIT       P1_7
      000000B0H.6 SFRSYM    DATA     BIT       P3_6
      000000A0H.7 SFRSYM    DATA     BIT       P2_7
      000000B8H   SFRSYM    DATA     BYTE      IP
      000000B0H.7 SFRSYM    DATA     BIT       P3_7
      00000098H   SFRSYM    DATA     BIT       RI
      000000D0H.7 SFRSYM    DATA     BIT       CY
      000000B0H.2 SFRSYM    DATA     BIT       INT0
      000000B0H.3 SFRSYM    DATA     BIT       INT1
      00000098H.1 SFRSYM    DATA     BIT       TI
      000000CBH   SFRSYM    DATA     BYTE      RCAP2H
      000000B8H.4 SFRSYM    DATA     BIT       PS
      00000081H   SFRSYM    DATA     BYTE      SP
      00000090H.1 SFRSYM    DATA     BIT       T2EX
      000000D0H.2 SFRSYM    DATA     BIT       OV
      000000CAH   SFRSYM    DATA     BYTE      RCAP2L
      000000C8H.1 SFRSYM    DATA     BIT       C_T2
      000000B0H.6 SFRSYM    DATA     BIT       WR
      00000080H.3 SFRSYM    DATA     BIT       LCD_D4
      00000080H.4 SFRSYM    DATA     BIT       LCD_D5
      000000C8H.5 SFRSYM    DATA     BIT       RCLK
      00000080H.5 SFRSYM    DATA     BIT       LCD_D6
      00000080H.6 SFRSYM    DATA     BIT       LCD_D7
      000000C8H.4 SFRSYM    DATA     BIT       TCLK
      00000099H   SFRSYM    DATA     BYTE      SBUF
      00000087H   SFRSYM    DATA     BYTE      PCON
      00000098H   SFRSYM    DATA     BYTE      SCON
      00000089H   SFRSYM    DATA     BYTE      TMOD
      00000088H   SFRSYM    DATA     BYTE      TCON
      00000088H.1 SFRSYM    DATA     BIT       IE0
      00000088H.3 SFRSYM    DATA     BIT       IE1
      000000F0H   SFRSYM    DATA     BYTE      B
      000000C8H   SFRSYM    DATA     BIT       CP_RL2
      00000080H.2 SFRSYM    DATA     BIT       LCD_EN
      000000E0H   SFRSYM    DATA     BYTE      ACC
      000000A8H.1 SFRSYM    DATA     BIT       ET0
      000000A8H.3 SFRSYM    DATA     BIT       ET1
      00000088H.5 SFRSYM    DATA     BIT       TF0
      000000A8H.5 SFRSYM    DATA     BIT       ET2
      00000088H.7 SFRSYM    DATA     BIT       TF1
      000000C8H.7 SFRSYM    DATA     BIT       TF2
      00000098H.2 SFRSYM    DATA     BIT       RB8
      0000008CH   SFRSYM    DATA     BYTE      TH0
      000000A8H   SFRSYM    DATA     BIT       EX0
      00000088H   SFRSYM    DATA     BIT       IT0
      0000008DH   SFRSYM    DATA     BYTE      TH1
      000000A8H.2 SFRSYM    DATA     BIT       EX1
      00000098H.3 SFRSYM    DATA     BIT       TB8
      00000088H.2 SFRSYM    DATA     BIT       IT1
      000000CDH   SFRSYM    DATA     BYTE      TH2
      000000D0H   SFRSYM    DATA     BIT       P
      00000098H.7 SFRSYM    DATA     BIT       SM0
      0000008AH   SFRSYM    DATA     BYTE      TL0
      00000098H.6 SFRSYM    DATA     BIT       SM1
      0000008BH   SFRSYM    DATA     BYTE      TL1
      00000098H.5 SFRSYM    DATA     BIT       SM2
      000000CCH   SFRSYM    DATA     BYTE      TL2
      000000B8H.1 SFRSYM    DATA     BIT       PT0
LX51 LINKER/LOCATER V4.41                                                             03/07/2019  21:36:39  PAGE 7


      000000D0H.3 SFRSYM    DATA     BIT       RS0
      000000B8H.3 SFRSYM    DATA     BIT       PT1
      000000D0H.4 SFRSYM    DATA     BIT       RS1
      000000B8H.5 SFRSYM    DATA     BIT       PT2
      00000088H.4 SFRSYM    DATA     BIT       TR0
      00000088H.6 SFRSYM    DATA     BIT       TR1
      000000C8H.2 SFRSYM    DATA     BIT       TR2
      000000B8H   SFRSYM    DATA     BIT       PX0
      00000080H   SFRSYM    DATA     BIT       LCD_RS
      000000B8H.2 SFRSYM    DATA     BIT       PX1
      00000083H   SFRSYM    DATA     BYTE      DPH
      00000080H.1 SFRSYM    DATA     BIT       LCD_RW
      00000082H   SFRSYM    DATA     BYTE      DPL
      000000C8H.3 SFRSYM    DATA     BIT       EXEN2
      00000098H.4 SFRSYM    DATA     BIT       REN
      000000C9H   SFRSYM    DATA     BYTE      T2MOD
      000000C8H   SFRSYM    DATA     BYTE      T2CON
      000000B0H   SFRSYM    DATA     BIT       RXD
      000000B0H.1 SFRSYM    DATA     BIT       TXD
      000000D0H.5 SFRSYM    DATA     BIT       F0
      000000D0H.1 SFRSYM    DATA     BIT       F1
      000000D0H   SFRSYM    DATA     BYTE      PSW

      01000140H   BLOCK     CODE     ---       LVL=0
      00000007H   SYMBOL    DATA     BYTE      b
      01000140H   LINE      CODE     ---       #52
      01000140H   LINE      CODE     ---       #53
      01000140H   LINE      CODE     ---       #54
      01000144H   LINE      CODE     ---       #55
      01000149H   LINE      CODE     ---       #56
      0100014DH   LINE      CODE     ---       #57
      01000151H   LINE      CODE     ---       #58
      ---         BLOCKEND  ---      ---       LVL=0

      01000128H   BLOCK     CODE     ---       LVL=0
      ---         BLOCKEND  ---      ---       LVL=0

      0100012FH   BLOCK     CODE     ---       LVL=0
      00000007H   SYMBOL    DATA     BYTE      b
      0100012FH   LINE      CODE     ---       #63
      0100012FH   LINE      CODE     ---       #64
      0100012FH   LINE      CODE     ---       #65
      01000134H   LINE      CODE     ---       #66
      01000138H   LINE      CODE     ---       #67
      0100013CH   LINE      CODE     ---       #68
      0100013FH   LINE      CODE     ---       #69
      ---         BLOCKEND  ---      ---       LVL=0

      0100017EH   BLOCK     CODE     ---       LVL=0
      00000007H   SYMBOL    DATA     BYTE      t
      0100017EH   LINE      CODE     ---       #74
      0100017EH   LINE      CODE     ---       #75
      0100017EH   LINE      CODE     ---       #76
      01000184H   LINE      CODE     ---       #77
      ---         BLOCKEND  ---      ---       LVL=0

      01000003H   BLOCK     CODE     ---       LVL=0
      01000003H   LINE      CODE     ---       #104
      01000003H   LINE      CODE     ---       #105
      01000003H   LINE      CODE     ---       #106
      01000005H   LINE      CODE     ---       #107
      01000007H   LINE      CODE     ---       #112
      0100000EH   LINE      CODE     ---       #114
      01000013H   LINE      CODE     ---       #115
      01000015H   LINE      CODE     ---       #116
LX51 LINKER/LOCATER V4.41                                                             03/07/2019  21:36:39  PAGE 8


      01000017H   LINE      CODE     ---       #117
      0100001EH   LINE      CODE     ---       #119
      01000023H   LINE      CODE     ---       #120
      01000025H   LINE      CODE     ---       #121
      01000027H   LINE      CODE     ---       #122
      0100002CH   LINE      CODE     ---       #124
      01000031H   LINE      CODE     ---       #125
      01000033H   LINE      CODE     ---       #126
      01000035H   LINE      CODE     ---       #130
      0100003CH   LINE      CODE     ---       #133
      01000041H   LINE      CODE     ---       #134
      01000043H   LINE      CODE     ---       #135
      01000045H   LINE      CODE     ---       #136
      0100004BH   LINE      CODE     ---       #138
      01000050H   LINE      CODE     ---       #139
      01000055H   LINE      CODE     ---       #140
      0100005AH   LINE      CODE     ---       #141
      ---         BLOCKEND  ---      ---       LVL=0

      010000ACH   BLOCK     CODE     ---       LVL=0
      00000006H   SYMBOL    DATA     BYTE      cmd
      010000ACH   LINE      CODE     ---       #148
      010000AEH   LINE      CODE     ---       #149
      010000AEH   LINE      CODE     ---       #153
      010000B0H   LINE      CODE     ---       #154
      010000B0H   LINE      CODE     ---       #155
      010000B0H   LINE      CODE     ---       #156
      010000B0H   LINE      CODE     ---       #158
      010000B3H   LINE      CODE     ---       #159
      010000B5H   LINE      CODE     ---       #160
      010000B7H   LINE      CODE     ---       #165
      010000BFH   LINE      CODE     ---       #166
      010000BFH   LINE      CODE     ---       #167
      010000BFH   LINE      CODE     ---       #168
      010000BFH   LINE      CODE     ---       #169
      010000C6H   LINE      CODE     ---       #170
      010000C6H   LINE      CODE     ---       #171
      010000C6H   LINE      CODE     ---       #172
      010000CBH   LINE      CODE     ---       #173
      010000CBH   LINE      CODE     ---       #174
      010000CBH   LINE      CODE     ---       #176
      ---         BLOCKEND  ---      ---       LVL=0

      01000152H   BLOCK     CODE     ---       LVL=0
      00000006H   SYMBOL    DATA     BYTE      achar
      01000152H   LINE      CODE     ---       #181
      01000154H   LINE      CODE     ---       #182
      01000154H   LINE      CODE     ---       #186
      01000156H   LINE      CODE     ---       #187
      01000156H   LINE      CODE     ---       #188
      01000156H   LINE      CODE     ---       #189
      01000156H   LINE      CODE     ---       #191
      01000159H   LINE      CODE     ---       #192
      0100015BH   LINE      CODE     ---       #193
      0100015DH   LINE      CODE     ---       #198
      ---         BLOCKEND  ---      ---       LVL=0
      00000007H   SYMBOL    DATA     BYTE      row
      00000005H   SYMBOL    DATA     BYTE      column
      00000007H   SYMBOL    DATA     BYTE      add

      010000CCH   BLOCK     CODE     ---       LVL=0
      00000008H   SYMBOL    DATA     ---       str
      010000D2H   BLOCK     CODE     NEAR LAB  LVL=1
      00000005H   SYMBOL    DATA     BYTE      i
      ---         BLOCKEND  ---      ---       LVL=1
LX51 LINKER/LOCATER V4.41                                                             03/07/2019  21:36:39  PAGE 9


      010000CCH   LINE      CODE     ---       #216
      010000D2H   LINE      CODE     ---       #217
      010000D2H   LINE      CODE     ---       #218
      010000D4H   LINE      CODE     ---       #219
      010000E5H   LINE      CODE     ---       #220
      010000E5H   LINE      CODE     ---       #221
      010000E8H   LINE      CODE     ---       #222
      010000E9H   LINE      CODE     ---       #223
      010000EBH   LINE      CODE     ---       #224
      ---         BLOCKEND  ---      ---       LVL=0
      00000007H   SYMBOL    DATA     BYTE      row
      00000005H   SYMBOL    DATA     BYTE      column
      00000007H   SYMBOL    DATA     BYTE      add

      01000162H   BLOCK     CODE     ---       LVL=0
      00000007H   SYMBOL    DATA     BYTE      hang
      00000005H   SYMBOL    DATA     BYTE      col
      01000162H   BLOCK     CODE     NEAR LAB  LVL=1
      00000007H   SYMBOL    DATA     BYTE      cmd
      ---         BLOCKEND  ---      ---       LVL=1
      01000162H   LINE      CODE     ---       #243
      01000162H   LINE      CODE     ---       #244
      01000162H   LINE      CODE     ---       #246
      0100016FH   LINE      CODE     ---       #247
      ---         BLOCKEND  ---      ---       LVL=0
      00000007H   SYMBOL    DATA     BYTE      location
      00000005H   SYMBOL    DATA     BYTE      i

      ---         MODULE    ---      ---       MAIN
      010000ECH   PUBLIC    CODE     ---       main
      00000080H   SFRSYM    DATA     BYTE      P0
      00000090H   SFRSYM    DATA     BYTE      P1
      000000A0H   SFRSYM    DATA     BYTE      P2
      000000B0H   SFRSYM    DATA     BYTE      P3
      000000D0H.6 SFRSYM    DATA     BIT       AC
      000000B0H.4 SFRSYM    DATA     BIT       T0
      000000B0H.5 SFRSYM    DATA     BIT       T1
      000000A8H.7 SFRSYM    DATA     BIT       EA
      00000090H   SFRSYM    DATA     BIT       T2
      000000A8H   SFRSYM    DATA     BYTE      IE
      00000080H   SFRSYM    DATA     BIT       P0_0
      00000090H   SFRSYM    DATA     BIT       P1_0
      00000080H.1 SFRSYM    DATA     BIT       P0_1
      000000A0H   SFRSYM    DATA     BIT       P2_0
      00000090H.1 SFRSYM    DATA     BIT       P1_1
      00000080H.2 SFRSYM    DATA     BIT       P0_2
      000000B0H   SFRSYM    DATA     BIT       P3_0
      000000A0H.1 SFRSYM    DATA     BIT       P2_1
      00000090H.2 SFRSYM    DATA     BIT       P1_2
      00000080H.3 SFRSYM    DATA     BIT       P0_3
      000000B0H.1 SFRSYM    DATA     BIT       P3_1
      000000A0H.2 SFRSYM    DATA     BIT       P2_2
      00000090H.3 SFRSYM    DATA     BIT       P1_3
      00000080H.4 SFRSYM    DATA     BIT       P0_4
      000000B0H.2 SFRSYM    DATA     BIT       P3_2
      000000A0H.3 SFRSYM    DATA     BIT       P2_3
      00000090H.4 SFRSYM    DATA     BIT       P1_4
      00000080H.5 SFRSYM    DATA     BIT       P0_5
      000000C8H.6 SFRSYM    DATA     BIT       EXF2
      000000B0H.7 SFRSYM    DATA     BIT       RD
      000000B0H.3 SFRSYM    DATA     BIT       P3_3
      000000A0H.4 SFRSYM    DATA     BIT       P2_4
      00000090H.5 SFRSYM    DATA     BIT       P1_5
      00000080H.6 SFRSYM    DATA     BIT       P0_6
      000000B0H.4 SFRSYM    DATA     BIT       P3_4
LX51 LINKER/LOCATER V4.41                                                             03/07/2019  21:36:39  PAGE 10


      000000A0H.5 SFRSYM    DATA     BIT       P2_5
      00000090H.6 SFRSYM    DATA     BIT       P1_6
      00000080H.7 SFRSYM    DATA     BIT       P0_7
      000000B0H.5 SFRSYM    DATA     BIT       P3_5
      000000A8H.4 SFRSYM    DATA     BIT       ES
      000000A0H.6 SFRSYM    DATA     BIT       P2_6
      00000090H.7 SFRSYM    DATA     BIT       P1_7
      000000B0H.6 SFRSYM    DATA     BIT       P3_6
      000000A0H.7 SFRSYM    DATA     BIT       P2_7
      000000B8H   SFRSYM    DATA     BYTE      IP
      000000B0H.7 SFRSYM    DATA     BIT       P3_7
      00000098H   SFRSYM    DATA     BIT       RI
      000000D0H.7 SFRSYM    DATA     BIT       CY
      000000B0H.2 SFRSYM    DATA     BIT       INT0
      000000B0H.3 SFRSYM    DATA     BIT       INT1
      00000098H.1 SFRSYM    DATA     BIT       TI
      000000CBH   SFRSYM    DATA     BYTE      RCAP2H
      000000B8H.4 SFRSYM    DATA     BIT       PS
      00000081H   SFRSYM    DATA     BYTE      SP
      00000090H.1 SFRSYM    DATA     BIT       T2EX
      000000D0H.2 SFRSYM    DATA     BIT       OV
      000000CAH   SFRSYM    DATA     BYTE      RCAP2L
      000000C8H.1 SFRSYM    DATA     BIT       C_T2
      000000B0H.6 SFRSYM    DATA     BIT       WR
      00000080H.3 SFRSYM    DATA     BIT       LCD_D4
      00000080H.4 SFRSYM    DATA     BIT       LCD_D5
      000000C8H.5 SFRSYM    DATA     BIT       RCLK
      00000080H.5 SFRSYM    DATA     BIT       LCD_D6
      00000080H.6 SFRSYM    DATA     BIT       LCD_D7
      000000C8H.4 SFRSYM    DATA     BIT       TCLK
      00000099H   SFRSYM    DATA     BYTE      SBUF
      00000087H   SFRSYM    DATA     BYTE      PCON
      00000098H   SFRSYM    DATA     BYTE      SCON
      00000089H   SFRSYM    DATA     BYTE      TMOD
      00000088H   SFRSYM    DATA     BYTE      TCON
      00000088H.1 SFRSYM    DATA     BIT       IE0
      00000088H.3 SFRSYM    DATA     BIT       IE1
      000000F0H   SFRSYM    DATA     BYTE      B
      000000C8H   SFRSYM    DATA     BIT       CP_RL2
      00000080H.2 SFRSYM    DATA     BIT       LCD_EN
      000000E0H   SFRSYM    DATA     BYTE      ACC
      000000A8H.1 SFRSYM    DATA     BIT       ET0
      000000A8H.3 SFRSYM    DATA     BIT       ET1
      00000088H.5 SFRSYM    DATA     BIT       TF0
      000000A8H.5 SFRSYM    DATA     BIT       ET2
      00000088H.7 SFRSYM    DATA     BIT       TF1
      000000C8H.7 SFRSYM    DATA     BIT       TF2
      00000098H.2 SFRSYM    DATA     BIT       RB8
      0000008CH   SFRSYM    DATA     BYTE      TH0
      000000A8H   SFRSYM    DATA     BIT       EX0
      00000088H   SFRSYM    DATA     BIT       IT0
      0000008DH   SFRSYM    DATA     BYTE      TH1
      000000A8H.2 SFRSYM    DATA     BIT       EX1
      00000098H.3 SFRSYM    DATA     BIT       TB8
      00000088H.2 SFRSYM    DATA     BIT       IT1
      000000CDH   SFRSYM    DATA     BYTE      TH2
      000000D0H   SFRSYM    DATA     BIT       P
      00000098H.7 SFRSYM    DATA     BIT       SM0
      0000008AH   SFRSYM    DATA     BYTE      TL0
      00000098H.6 SFRSYM    DATA     BIT       SM1
      0000008BH   SFRSYM    DATA     BYTE      TL1
      00000098H.5 SFRSYM    DATA     BIT       SM2
      000000CCH   SFRSYM    DATA     BYTE      TL2
      000000B8H.1 SFRSYM    DATA     BIT       PT0
      000000D0H.3 SFRSYM    DATA     BIT       RS0
LX51 LINKER/LOCATER V4.41                                                             03/07/2019  21:36:39  PAGE 11


      000000B8H.3 SFRSYM    DATA     BIT       PT1
      000000D0H.4 SFRSYM    DATA     BIT       RS1
      000000B8H.5 SFRSYM    DATA     BIT       PT2
      00000088H.4 SFRSYM    DATA     BIT       TR0
      00000088H.6 SFRSYM    DATA     BIT       TR1
      000000C8H.2 SFRSYM    DATA     BIT       TR2
      000000B8H   SFRSYM    DATA     BIT       PX0
      00000080H   SFRSYM    DATA     BIT       LCD_RS
      000000B8H.2 SFRSYM    DATA     BIT       PX1
      00000083H   SFRSYM    DATA     BYTE      DPH
      00000080H.1 SFRSYM    DATA     BIT       LCD_RW
      00000082H   SFRSYM    DATA     BYTE      DPL
      000000C8H.3 SFRSYM    DATA     BIT       EXEN2
      00000098H.4 SFRSYM    DATA     BIT       REN
      000000C9H   SFRSYM    DATA     BYTE      T2MOD
      000000C8H   SFRSYM    DATA     BYTE      T2CON
      000000B0H   SFRSYM    DATA     BIT       RXD
      000000B0H.1 SFRSYM    DATA     BIT       TXD
      000000D0H.5 SFRSYM    DATA     BIT       F0
      000000D0H.1 SFRSYM    DATA     BIT       F1
      000000D0H   SFRSYM    DATA     BYTE      PSW

      010000ECH   BLOCK     CODE     ---       LVL=0
      010000ECH   LINE      CODE     ---       #5
      010000ECH   LINE      CODE     ---       #6
      010000ECH   LINE      CODE     ---       #7
      010000EFH   LINE      CODE     ---       #8
      010000F8H   LINE      CODE     ---       #9
      010000FFH   LINE      CODE     ---       #10
      01000108H   LINE      CODE     ---       #11
      01000108H   LINE      CODE     ---       #12
      ---         BLOCKEND  ---      ---       LVL=0

      ---         MODULE    ---      ---       ?C_STARTUP
      01000000H   PUBLIC    CODE     ---       ?C_STARTUP

      ---         MODULE    ---      ---       ?C?CLDOPTR
      0100005FH   PUBLIC    CODE     ---       ?C?CLDOPTR

Program Size: data=12.0 xdata=0 const=0 code=389
LX51 RUN COMPLETE.  0 WARNING(S),  0 ERROR(S)
