LX51 LINKER/LOCATER V4.41                                                               09/01/2018  23:42:58  PAGE 1


LX51 LINKER/LOCATER V4.41, INVOKED BY:
D:\KEIL C\C51\BIN\LX51.EXE Ma_tran.obj, .\delay.obj TO Ma_tran RU


CPU MODE:     8051 MODE
MEMORY MODEL: SMALL


INPUT MODULES INCLUDED:
  Ma_tran.obj (MA_TRAN)
         COMMENT TYPE 0: C51 V9.01
  .\delay.obj (DELAY)
         COMMENT TYPE 0: C51 V9.01
  D:\KEIL C\C51\LIB\C51S.LIB (?C_STARTUP)
         COMMENT TYPE 1: A51 / ASM51 Assembler
  D:\KEIL C\C51\LIB\C51S.LIB (?C?SIDIV)
         COMMENT TYPE 1: A51 / ASM51 Assembler
  D:\KEIL C\C51\LIB\C51S.LIB (?C?UIDIV)
         COMMENT TYPE 1: A51 / ASM51 Assembler


ACTIVE MEMORY CLASSES OF MODULE:  Ma_tran (MA_TRAN)

BASE        START       END         USED      MEMORY CLASS
==========================================================
C:000000H   C:000000H   C:00FFFFH   00015EH   CODE
C:000000H   C:000000H   C:00FFFFH   00000AH   CONST
I:000000H   I:000000H   I:00007FH   00000AH   DATA
I:000000H   I:000000H   I:0000FFH   000001H   IDATA


MEMORY MAP OF MODULE:  Ma_tran (MA_TRAN)


START     STOP      LENGTH    ALIGN  RELOC    MEMORY CLASS   SEGMENT NAME
=========================================================================

* * * * * * * * * * *   D A T A   M E M O R Y   * * * * * * * * * * * * *
000000H   000007H   000008H   ---    AT..     DATA           "REG BANK 0"
000008H   000009H   000002H   BYTE   UNIT     DATA           ?DT?MA_TRAN
00000AH   00000AH   000001H   BYTE   UNIT     IDATA          ?STACK

* * * * * * * * * * *   C O D E   M E M O R Y   * * * * * * * * * * * * *
000000H   000002H   000003H   ---    OFFS..   CODE           ?CO??C_STARTUP?0
000003H   00008DH   00008BH   BYTE   UNIT     CODE           ?C?LIB_CODE
00008EH   0000EFH   000062H   BYTE   UNIT     CODE           ?PR?KEYPRESS?MA_TRAN
0000F0H   00012CH   00003DH   BYTE   UNIT     CODE           ?PR?TIME_ON?MA_TRAN
00012DH   00014CH   000020H   BYTE   UNIT     CODE           ?PR?_DELAY?DELAY
00014DH   000158H   00000CH   BYTE   UNIT     CODE           ?C_C51STARTUP
000159H   00015DH   000005H   BYTE   UNIT     CODE           ?PR?MAIN?MA_TRAN
00015EH   000167H   00000AH   BYTE   UNIT     CONST          ?CO?MA_TRAN



OVERLAY MAP OF MODULE:   Ma_tran (MA_TRAN)


FUNCTION/MODULE              BIT_GROUP   DATA_GROUP 
--> CALLED FUNCTION/MODULE  START  STOP  START  STOP
====================================================
?C_C51STARTUP               ----- -----  ----- -----
  +--> ?PR?MAIN?MA_TRAN

MAIN/MA_TRAN                ----- -----  ----- -----
  +--> ?PR?TIME_ON?MA_TRAN

LX51 LINKER/LOCATER V4.41                                                             09/01/2018  23:42:58  PAGE 2


TIME_ON/MA_TRAN             ----- -----  ----- -----
  +--> ?PR?KEYPRESS?MA_TRAN
  +--> ?CO?MA_TRAN
  +--> ?PR?_DELAY?DELAY

KEYPRESS/MA_TRAN            ----- -----  ----- -----

?CO?MA_TRAN                 ----- -----  ----- -----

_DELAY/DELAY                ----- -----  ----- -----



PUBLIC SYMBOLS OF MODULE:  Ma_tran (MA_TRAN)


      VALUE       CLASS    TYPE      PUBLIC SYMBOL NAME
      =================================================
      00000000H   NUMBER   ---       ?C?CODESEG
      01000003H   CODE     ---       ?C?SIDIV
      01000039H   CODE     ---       ?C?UIDIV
      00000000H   NUMBER   ---       ?C?XDATASEG
      01000159H   CODE     ---       ?C_START
      01000000H   CODE     ---       ?C_STARTUP
      0100012DH   CODE     ---       _delay
*SFR* 000000D0H.6 DATA     BIT       AC
*SFR* 000000E0H   DATA     BYTE      ACC
*SFR* 000000F0H   DATA     BYTE      B
      00000009H   DATA     BYTE      chuc
      0100015EH   CONST    ---       code7seg
*SFR* 00000090H   DATA     BIT       Col1
*SFR* 00000090H.1 DATA     BIT       Col2
*SFR* 00000090H.2 DATA     BIT       Col3
*SFR* 00000090H.3 DATA     BIT       Col4
*SFR* 00000090H.4 DATA     BIT       Cow1
*SFR* 00000090H.5 DATA     BIT       Cow2
*SFR* 00000090H.6 DATA     BIT       Cow3
*SFR* 00000090H.7 DATA     BIT       Cow4
*SFR* 000000D0H.7 DATA     BIT       CY
      00000008H   DATA     BYTE      donvi
*SFR* 00000083H   DATA     BYTE      DPH
*SFR* 00000082H   DATA     BYTE      DPL
*SFR* 000000A8H.7 DATA     BIT       EA
*SFR* 000000A8H.4 DATA     BIT       ES
*SFR* 000000A8H.1 DATA     BIT       ET0
*SFR* 000000A8H.3 DATA     BIT       ET1
*SFR* 000000A8H.5 DATA     BIT       ET2
*SFR* 000000A8H   DATA     BIT       EX0
*SFR* 000000A8H.2 DATA     BIT       EX1
*SFR* 000000D0H.5 DATA     BIT       F0
*SFR* 000000D0H.1 DATA     BIT       F1
*SFR* 000000A8H   DATA     BYTE      IE
*SFR* 00000088H.1 DATA     BIT       IE0
*SFR* 00000088H.3 DATA     BIT       IE1
*SFR* 000000B0H.2 DATA     BIT       INT0
*SFR* 000000B0H.3 DATA     BIT       INT1
*SFR* 000000B8H   DATA     BYTE      IP
*SFR* 00000088H   DATA     BIT       IT0
*SFR* 00000088H.2 DATA     BIT       IT1
      0100008EH   CODE     ---       keyPress
*SFR* 000000B0H   DATA     BIT       LED_chuc
*SFR* 000000B0H.1 DATA     BIT       LED_donvi
      01000159H   CODE     ---       main
*SFR* 000000D0H.2 DATA     BIT       OV
*SFR* 000000D0H   DATA     BIT       P
LX51 LINKER/LOCATER V4.41                                                             09/01/2018  23:42:58  PAGE 3


*SFR* 00000080H   DATA     BYTE      P0
*SFR* 00000080H   DATA     BIT       P0_0
*SFR* 00000080H.1 DATA     BIT       P0_1
*SFR* 00000080H.2 DATA     BIT       P0_2
*SFR* 00000080H.3 DATA     BIT       P0_3
*SFR* 00000080H.4 DATA     BIT       P0_4
*SFR* 00000080H.5 DATA     BIT       P0_5
*SFR* 00000080H.6 DATA     BIT       P0_6
*SFR* 00000080H.7 DATA     BIT       P0_7
*SFR* 00000090H   DATA     BYTE      P1
*SFR* 00000090H   DATA     BIT       P1_0
*SFR* 00000090H.1 DATA     BIT       P1_1
*SFR* 00000090H.2 DATA     BIT       P1_2
*SFR* 00000090H.3 DATA     BIT       P1_3
*SFR* 00000090H.4 DATA     BIT       P1_4
*SFR* 00000090H.5 DATA     BIT       P1_5
*SFR* 00000090H.6 DATA     BIT       P1_6
*SFR* 00000090H.7 DATA     BIT       P1_7
*SFR* 000000A0H   DATA     BYTE      P2
*SFR* 000000A0H   DATA     BIT       P2_0
*SFR* 000000A0H.1 DATA     BIT       P2_1
*SFR* 000000A0H.2 DATA     BIT       P2_2
*SFR* 000000A0H.3 DATA     BIT       P2_3
*SFR* 000000A0H.4 DATA     BIT       P2_4
*SFR* 000000A0H.5 DATA     BIT       P2_5
*SFR* 000000A0H.6 DATA     BIT       P2_6
*SFR* 000000A0H.7 DATA     BIT       P2_7
*SFR* 000000B0H   DATA     BYTE      P3
*SFR* 000000B0H   DATA     BIT       P3_0
*SFR* 000000B0H.1 DATA     BIT       P3_1
*SFR* 000000B0H.2 DATA     BIT       P3_2
*SFR* 000000B0H.3 DATA     BIT       P3_3
*SFR* 000000B0H.4 DATA     BIT       P3_4
*SFR* 000000B0H.5 DATA     BIT       P3_5
*SFR* 000000B0H.6 DATA     BIT       P3_6
*SFR* 000000B0H.7 DATA     BIT       P3_7
*SFR* 00000087H   DATA     BYTE      PCON
*SFR* 000000B8H.4 DATA     BIT       PS
*SFR* 000000D0H   DATA     BYTE      PSW
*SFR* 000000B8H.1 DATA     BIT       PT0
*SFR* 000000B8H.3 DATA     BIT       PT1
*SFR* 000000B8H.5 DATA     BIT       PT2
*SFR* 000000B8H   DATA     BIT       PX0
*SFR* 000000B8H.2 DATA     BIT       PX1
*SFR* 00000098H.2 DATA     BIT       RB8
*SFR* 000000B0H.7 DATA     BIT       RD
*SFR* 00000098H.4 DATA     BIT       REN
*SFR* 00000098H   DATA     BIT       RI
*SFR* 000000D0H.3 DATA     BIT       RS0
*SFR* 000000D0H.4 DATA     BIT       RS1
*SFR* 000000B0H   DATA     BIT       RXD
*SFR* 00000099H   DATA     BYTE      SBUF
*SFR* 00000098H   DATA     BYTE      SCON
*SFR* 00000098H.7 DATA     BIT       SM0
*SFR* 00000098H.6 DATA     BIT       SM1
*SFR* 00000098H.5 DATA     BIT       SM2
*SFR* 00000081H   DATA     BYTE      SP
*SFR* 000000B0H.4 DATA     BIT       T0
*SFR* 000000B0H.5 DATA     BIT       T1
*SFR* 00000098H.3 DATA     BIT       TB8
*SFR* 00000088H   DATA     BYTE      TCON
*SFR* 00000088H.5 DATA     BIT       TF0
*SFR* 00000088H.7 DATA     BIT       TF1
*SFR* 0000008CH   DATA     BYTE      TH0
*SFR* 0000008DH   DATA     BYTE      TH1
LX51 LINKER/LOCATER V4.41                                                             09/01/2018  23:42:58  PAGE 4


*SFR* 00000098H.1 DATA     BIT       TI
      010000F0H   CODE     ---       Time_on
*SFR* 0000008AH   DATA     BYTE      TL0
*SFR* 0000008BH   DATA     BYTE      TL1
*SFR* 00000089H   DATA     BYTE      TMOD
*SFR* 00000088H.4 DATA     BIT       TR0
*SFR* 00000088H.6 DATA     BIT       TR1
*SFR* 000000B0H.1 DATA     BIT       TXD
*SFR* 000000B0H.6 DATA     BIT       WR



SYMBOL TABLE OF MODULE:  Ma_tran (MA_TRAN)

      VALUE       REP       CLASS    TYPE      SYMBOL NAME
      ====================================================
      ---         MODULE    ---      ---       MA_TRAN
      00000009H   PUBLIC    DATA     BYTE      chuc
      00000008H   PUBLIC    DATA     BYTE      donvi
      0100015EH   PUBLIC    CONST    ---       code7seg
      01000159H   PUBLIC    CODE     ---       main
      010000F0H   PUBLIC    CODE     ---       Time_on
      0100008EH   PUBLIC    CODE     ---       KeyPress
      00000080H   SFRSYM    DATA     BYTE      P0
      00000090H   SFRSYM    DATA     BYTE      P1
      000000A0H   SFRSYM    DATA     BYTE      P2
      000000B0H   SFRSYM    DATA     BYTE      P3
      000000D0H.6 SFRSYM    DATA     BIT       AC
      000000B0H.4 SFRSYM    DATA     BIT       T0
      000000B0H.5 SFRSYM    DATA     BIT       T1
      000000A8H.7 SFRSYM    DATA     BIT       EA
      000000A8H   SFRSYM    DATA     BYTE      IE
      00000080H   SFRSYM    DATA     BIT       P0_0
      00000090H   SFRSYM    DATA     BIT       P1_0
      00000080H.1 SFRSYM    DATA     BIT       P0_1
      000000A0H   SFRSYM    DATA     BIT       P2_0
      00000090H.1 SFRSYM    DATA     BIT       P1_1
      00000080H.2 SFRSYM    DATA     BIT       P0_2
      000000B0H   SFRSYM    DATA     BIT       P3_0
      000000A0H.1 SFRSYM    DATA     BIT       P2_1
      00000090H.2 SFRSYM    DATA     BIT       P1_2
      00000080H.3 SFRSYM    DATA     BIT       P0_3
      000000B0H.1 SFRSYM    DATA     BIT       P3_1
      000000A0H.2 SFRSYM    DATA     BIT       P2_2
      00000090H.3 SFRSYM    DATA     BIT       P1_3
      00000080H.4 SFRSYM    DATA     BIT       P0_4
      000000B0H.2 SFRSYM    DATA     BIT       P3_2
      000000A0H.3 SFRSYM    DATA     BIT       P2_3
      00000090H.4 SFRSYM    DATA     BIT       P1_4
      00000080H.5 SFRSYM    DATA     BIT       P0_5
      000000B0H.7 SFRSYM    DATA     BIT       RD
      000000B0H.3 SFRSYM    DATA     BIT       P3_3
      000000A0H.4 SFRSYM    DATA     BIT       P2_4
      00000090H.5 SFRSYM    DATA     BIT       P1_5
      00000080H.6 SFRSYM    DATA     BIT       P0_6
      000000B0H.4 SFRSYM    DATA     BIT       P3_4
      000000A0H.5 SFRSYM    DATA     BIT       P2_5
      00000090H.6 SFRSYM    DATA     BIT       P1_6
      00000080H.7 SFRSYM    DATA     BIT       P0_7
      000000B0H.5 SFRSYM    DATA     BIT       P3_5
      000000A8H.4 SFRSYM    DATA     BIT       ES
      000000A0H.6 SFRSYM    DATA     BIT       P2_6
      00000090H.7 SFRSYM    DATA     BIT       P1_7
      000000B0H.6 SFRSYM    DATA     BIT       P3_6
      000000A0H.7 SFRSYM    DATA     BIT       P2_7
LX51 LINKER/LOCATER V4.41                                                             09/01/2018  23:42:58  PAGE 5


      000000B8H   SFRSYM    DATA     BYTE      IP
      000000B0H.7 SFRSYM    DATA     BIT       P3_7
      00000098H   SFRSYM    DATA     BIT       RI
      000000D0H.7 SFRSYM    DATA     BIT       CY
      000000B0H.2 SFRSYM    DATA     BIT       INT0
      000000B0H.3 SFRSYM    DATA     BIT       INT1
      00000098H.1 SFRSYM    DATA     BIT       TI
      000000B8H.4 SFRSYM    DATA     BIT       PS
      00000081H   SFRSYM    DATA     BYTE      SP
      000000D0H.2 SFRSYM    DATA     BIT       OV
      000000B0H.6 SFRSYM    DATA     BIT       WR
      00000099H   SFRSYM    DATA     BYTE      SBUF
      00000087H   SFRSYM    DATA     BYTE      PCON
      00000098H   SFRSYM    DATA     BYTE      SCON
      00000089H   SFRSYM    DATA     BYTE      TMOD
      00000088H   SFRSYM    DATA     BYTE      TCON
      00000088H.1 SFRSYM    DATA     BIT       IE0
      00000088H.3 SFRSYM    DATA     BIT       IE1
      000000F0H   SFRSYM    DATA     BYTE      B
      000000E0H   SFRSYM    DATA     BYTE      ACC
      000000A8H.1 SFRSYM    DATA     BIT       ET0
      000000A8H.3 SFRSYM    DATA     BIT       ET1
      00000088H.5 SFRSYM    DATA     BIT       TF0
      000000A8H.5 SFRSYM    DATA     BIT       ET2
      00000088H.7 SFRSYM    DATA     BIT       TF1
      00000098H.2 SFRSYM    DATA     BIT       RB8
      0000008CH   SFRSYM    DATA     BYTE      TH0
      000000A8H   SFRSYM    DATA     BIT       EX0
      00000088H   SFRSYM    DATA     BIT       IT0
      0000008DH   SFRSYM    DATA     BYTE      TH1
      000000A8H.2 SFRSYM    DATA     BIT       EX1
      00000098H.3 SFRSYM    DATA     BIT       TB8
      00000088H.2 SFRSYM    DATA     BIT       IT1
      000000D0H   SFRSYM    DATA     BIT       P
      00000090H   SFRSYM    DATA     BIT       Col1
      00000098H.7 SFRSYM    DATA     BIT       SM0
      0000008AH   SFRSYM    DATA     BYTE      TL0
      00000090H.1 SFRSYM    DATA     BIT       Col2
      00000098H.6 SFRSYM    DATA     BIT       SM1
      0000008BH   SFRSYM    DATA     BYTE      TL1
      00000090H.2 SFRSYM    DATA     BIT       Col3
      00000098H.5 SFRSYM    DATA     BIT       SM2
      00000090H.3 SFRSYM    DATA     BIT       Col4
      000000B8H.1 SFRSYM    DATA     BIT       PT0
      000000D0H.3 SFRSYM    DATA     BIT       RS0
      000000B8H.3 SFRSYM    DATA     BIT       PT1
      000000D0H.4 SFRSYM    DATA     BIT       RS1
      000000B8H.5 SFRSYM    DATA     BIT       PT2
      00000088H.4 SFRSYM    DATA     BIT       TR0
      00000088H.6 SFRSYM    DATA     BIT       TR1
      000000B8H   SFRSYM    DATA     BIT       PX0
      000000B0H.1 SFRSYM    DATA     BIT       LED_donvi
      000000B8H.2 SFRSYM    DATA     BIT       PX1
      000000B0H   SFRSYM    DATA     BIT       LED_chuc
      00000090H.4 SFRSYM    DATA     BIT       Cow1
      00000090H.5 SFRSYM    DATA     BIT       Cow2
      00000083H   SFRSYM    DATA     BYTE      DPH
      00000090H.6 SFRSYM    DATA     BIT       Cow3
      00000090H.7 SFRSYM    DATA     BIT       Cow4
      00000082H   SFRSYM    DATA     BYTE      DPL
      00000098H.4 SFRSYM    DATA     BIT       REN
      000000B0H   SFRSYM    DATA     BIT       RXD
      000000B0H.1 SFRSYM    DATA     BIT       TXD
      000000D0H.5 SFRSYM    DATA     BIT       F0
      000000D0H.1 SFRSYM    DATA     BIT       F1
LX51 LINKER/LOCATER V4.41                                                             09/01/2018  23:42:58  PAGE 6


      000000D0H   SFRSYM    DATA     BYTE      PSW

      0100008EH   BLOCK     CODE     ---       LVL=0
      0100008EH   BLOCK     CODE     NEAR LAB  LVL=1
      00000007H   SYMBOL    DATA     BYTE      key
      ---         BLOCKEND  ---      ---       LVL=1
      0100008EH   LINE      CODE     ---       #6
      0100008EH   LINE      CODE     ---       #7
      0100008EH   LINE      CODE     ---       #8
      01000090H   LINE      CODE     ---       #9
      01000092H   LINE      CODE     ---       #10
      01000096H   LINE      CODE     ---       #11
      0100009BH   LINE      CODE     ---       #12
      010000A0H   LINE      CODE     ---       #13
      010000A5H   LINE      CODE     ---       #14
      010000A7H   LINE      CODE     ---       #16
      010000A9H   LINE      CODE     ---       #17
      010000AEH   LINE      CODE     ---       #18
      010000B3H   LINE      CODE     ---       #19
      010000B8H   LINE      CODE     ---       #20
      010000BDH   LINE      CODE     ---       #21
      010000BFH   LINE      CODE     ---       #23
      010000C1H   LINE      CODE     ---       #24
      010000C6H   LINE      CODE     ---       #25
      010000CBH   LINE      CODE     ---       #26
      010000D0H   LINE      CODE     ---       #27
      010000D5H   LINE      CODE     ---       #28
      010000D7H   LINE      CODE     ---       #30
      010000D9H   LINE      CODE     ---       #31
      010000DEH   LINE      CODE     ---       #32
      010000E3H   LINE      CODE     ---       #33
      010000E8H   LINE      CODE     ---       #34
      010000EDH   LINE      CODE     ---       #35
      010000EFH   LINE      CODE     ---       #37
      010000EFH   LINE      CODE     ---       #38
      ---         BLOCKEND  ---      ---       LVL=0

      010000F0H   BLOCK     CODE     ---       LVL=0
      010000F0H   LINE      CODE     ---       #40
      010000F0H   LINE      CODE     ---       #41
      010000F0H   LINE      CODE     ---       #42
      010000FAH   LINE      CODE     ---       #43
      01000106H   LINE      CODE     ---       #45
      0100010EH   LINE      CODE     ---       #46
      01000110H   LINE      CODE     ---       #47
      01000117H   LINE      CODE     ---       #48
      01000119H   LINE      CODE     ---       #50
      01000121H   LINE      CODE     ---       #51
      01000123H   LINE      CODE     ---       #52
      0100012AH   LINE      CODE     ---       #53
      0100012CH   LINE      CODE     ---       #54
      ---         BLOCKEND  ---      ---       LVL=0

      01000159H   BLOCK     CODE     ---       LVL=0
      01000159H   LINE      CODE     ---       #55
      01000159H   LINE      CODE     ---       #56
      01000159H   LINE      CODE     ---       #57
      01000159H   LINE      CODE     ---       #58
      01000159H   LINE      CODE     ---       #59
      0100015CH   LINE      CODE     ---       #60
      ---         BLOCKEND  ---      ---       LVL=0

      ---         MODULE    ---      ---       DELAY
      0100012DH   PUBLIC    CODE     ---       _delay

LX51 LINKER/LOCATER V4.41                                                             09/01/2018  23:42:58  PAGE 7


      0100012DH   BLOCK     CODE     ---       LVL=0
      00000006H   SYMBOL    DATA     WORD      t
      0100012DH   BLOCK     CODE     NEAR LAB  LVL=1
      00000004H   SYMBOL    DATA     WORD      x
      00000002H   SYMBOL    DATA     WORD      y
      ---         BLOCKEND  ---      ---       LVL=1
      0100012DH   LINE      CODE     ---       #2
      0100012DH   LINE      CODE     ---       #3
      0100012DH   LINE      CODE     ---       #5
      01000137H   LINE      CODE     ---       #6
      0100014CH   LINE      CODE     ---       #7
      ---         BLOCKEND  ---      ---       LVL=0

      ---         MODULE    ---      ---       ?C_STARTUP
      01000000H   PUBLIC    CODE     ---       ?C_STARTUP

      ---         MODULE    ---      ---       ?C?SIDIV
      01000003H   PUBLIC    CODE     ---       ?C?SIDIV

      ---         MODULE    ---      ---       ?C?UIDIV
      01000039H   PUBLIC    CODE     ---       ?C?UIDIV



*** WARNING L25: DATA TYPES DIFFERENT
    SYMBOL:  keyPress
    MODULE:  Ma_tran.obj (MA_TRAN)
   DEFINED:  Ma_tran.obj (MA_TRAN)

Program Size: data=11.0 xdata=0 const=10 code=350
LX51 RUN COMPLETE.  1 WARNING(S),  0 ERROR(S)
