C51 COMPILER V9.01   I2C_LCD                                                               11/02/2018 01:39:08 PAGE 1   


C51 COMPILER V9.01, COMPILATION OF MODULE I2C_LCD
OBJECT MODULE PLACED IN I2c_LCD.OBJ
COMPILER INVOKED BY: D:\Keil C\C51\BIN\C51.EXE I2c_LCD.c BROWSE DEBUG OBJECTEXTEND

line level    source

   1           #include <main.h>
*** WARNING C315 IN LINE 2 OF main.h: unknown #directive 'deifne'
   2           #include "..\library\delay.h"
   3          
   4           void I2C_time_start()
   5           {
   6   1                SCL = 1; 
   7   1                SDA = 1;
   8   1                SDA = 0; 
   9   1                SCL = 0; 
  10   1       }
  11           void I2C_write(unsigned char dat)
  12           {
  13   1              unsigned char i;
  14   1              for (i=0;i<8;i++)
  15   1              {
  16   2                      SDA = (dat & 0x80); ///? 1:0;
  17   2                      SCL=1;
  18   2                      SCL=0;
  19   2                      dat<<=1;
  20   2              }
  21   1              SCL = 1; 
  22   1              SCL = 0;
  23   1       }
  24           void main()
  25           {
  26   1         I2C_time_start();
  27   1         while(1)
  28   1         {
  29   2           delay(10);
  30   2               I2C_write(0xAA);
  31   2         }
  32   1       }


MODULE INFORMATION:   STATIC OVERLAYABLE
   CODE SIZE        =     49    ----
   CONSTANT SIZE    =   ----    ----
   XDATA SIZE       =   ----    ----
   PDATA SIZE       =   ----    ----
   DATA SIZE        =   ----    ----
   IDATA SIZE       =   ----    ----
   BIT SIZE         =   ----    ----
END OF MODULE INFORMATION.


C51 COMPILATION COMPLETE.  1 WARNING(S),  0 ERROR(S)
