LX51 LINKER/LOCATER V4.41                                                               09/01/2018  23:40:50  PAGE 1


LX51 LINKER/LOCATER V4.41, INVOKED BY:
D:\KEIL C\C51\BIN\LX51.EXE May_tinh.obj, .\delay.obj TO May_tinh RU


CPU MODE:     8051 MODE
MEMORY MODEL: SMALL


INPUT MODULES INCLUDED:
  May_tinh.obj (MAY_TINH)
         COMMENT TYPE 0: C51 V9.01
  .\delay.obj (DELAY)
         COMMENT TYPE 0: C51 V9.01
  D:\KEIL C\C51\LIB\C51S.LIB (?C_STARTUP)
         COMMENT TYPE 1: A51 / ASM51 Assembler
  D:\KEIL C\C51\LIB\C51S.LIB (?C?CLDOPTR)
         COMMENT TYPE 1: A51 / ASM51 Assembler


ACTIVE MEMORY CLASSES OF MODULE:  May_tinh (MAY_TINH)

BASE        START       END         USED      MEMORY CLASS
==========================================================
C:000000H   C:000000H   C:00FFFFH   0001D1H   CODE
I:000000H   I:000000H   I:00007FH   000009H   DATA
I:000000H   I:000000H   I:0000FFH   000001H   IDATA


MEMORY MAP OF MODULE:  May_tinh (MAY_TINH)


START     STOP      LENGTH    ALIGN  RELOC    MEMORY CLASS   SEGMENT NAME
=========================================================================

* * * * * * * * * * *   D A T A   M E M O R Y   * * * * * * * * * * * * *
000000H   000007H   000008H   ---    AT..     DATA           "REG BANK 0"
000008H   000008H   000001H   BYTE   UNIT     DATA           _DATA_GROUP_
000009H   000009H   000001H   BYTE   UNIT     IDATA          ?STACK

* * * * * * * * * * *   C O D E   M E M O R Y   * * * * * * * * * * * * *
000000H   000002H   000003H   ---    OFFS..   CODE           ?CO??C_STARTUP?0
000003H   0000B8H   0000B6H   BYTE   UNIT     CODE           ?PR?KEY_IN?MAY_TINH
0000B9H   00011AH   000062H   BYTE   UNIT     CODE           ?PR?KEYPRESS?MAY_TINH
00011BH   000147H   00002DH   BYTE   UNIT     CODE           ?C?LIB_CODE
000148H   000173H   00002CH   BYTE   UNIT     CODE           ?PR?LCD_INIT?MAY_TINH
000174H   000193H   000020H   BYTE   UNIT     CODE           ?PR?_DELAY?DELAY
000194H   0001ADH   00001AH   BYTE   UNIT     CODE           ?PR?_LCD_CMD?MAY_TINH
0001AEH   0001BCH   00000FH   BYTE   UNIT     CODE           ?PR?_LCD_CHR_CP?MAY_TINH
0001BDH   0001C8H   00000CH   BYTE   UNIT     CODE           ?C_C51STARTUP
0001C9H   0001D0H   000008H   BYTE   UNIT     CODE           ?PR?MAIN?MAY_TINH

* * * * * * * * *   R E M O V E D     S E G M E N T S   * * * * * * * *
   *DEL*:           000023H   BYTE   UNIT     CODE           ?PR?_LCD_OUT_CP?MAY_TINH
   *DEL*:           000004H   BYTE   UNIT     DATA           ?DT?_LCD_OUT_CP?MAY_TINH



OVERLAY MAP OF MODULE:   May_tinh (MAY_TINH)


FUNCTION/MODULE              BIT_GROUP   DATA_GROUP 
--> CALLED FUNCTION/MODULE  START  STOP  START  STOP
====================================================
?C_C51STARTUP               ----- -----  ----- -----
  +--> ?PR?MAIN?MAY_TINH

LX51 LINKER/LOCATER V4.41                                                             09/01/2018  23:40:50  PAGE 2


MAIN/MAY_TINH               ----- -----  ----- -----
  +--> ?PR?LCD_INIT?MAY_TINH
  +--> ?PR?KEY_IN?MAY_TINH

LCD_INIT/MAY_TINH           ----- -----  ----- -----
  +--> ?PR?_LCD_CMD?MAY_TINH
  +--> ?PR?_DELAY?DELAY

_LCD_CMD/MAY_TINH           ----- -----  ----- -----
  +--> ?PR?_DELAY?DELAY

_DELAY/DELAY                ----- -----  ----- -----

KEY_IN/MAY_TINH             ----- -----  0008H 0008H
  +--> ?PR?_DELAY?DELAY
  +--> ?PR?KEYPRESS?MAY_TINH
  +--> ?PR?_LCD_CMD?MAY_TINH
  +--> ?PR?_LCD_CHR_CP?MAY_TINH

KEYPRESS/MAY_TINH           ----- -----  ----- -----

_LCD_CHR_CP/MAY_TINH        ----- -----  ----- -----
  +--> ?PR?_DELAY?DELAY



PUBLIC SYMBOLS OF MODULE:  May_tinh (MAY_TINH)


      VALUE       CLASS    TYPE      PUBLIC SYMBOL NAME
      =================================================
      0100011BH   CODE     ---       ?C?CLDOPTR
      00000000H   NUMBER   ---       ?C?CODESEG
      00000000H   NUMBER   ---       ?C?XDATASEG
      010001C9H   CODE     ---       ?C_START
      01000000H   CODE     ---       ?C_STARTUP
      01000174H   CODE     ---       _delay
      010001AEH   CODE     ---       _LCD_chr_cp
      01000194H   CODE     ---       _LCD_cmd
*DEL*:00000000H   CODE     ---       _LCD_out_cp
*SFR* 000000D0H.6 DATA     BIT       AC
*SFR* 000000E0H   DATA     BYTE      ACC
*SFR* 000000F0H   DATA     BYTE      B
*SFR* 00000090H   DATA     BIT       Col1
*SFR* 00000090H.1 DATA     BIT       Col2
*SFR* 00000090H.2 DATA     BIT       Col3
*SFR* 00000090H.3 DATA     BIT       Col4
*SFR* 00000090H.4 DATA     BIT       Cow1
*SFR* 00000090H.5 DATA     BIT       Cow2
*SFR* 00000090H.6 DATA     BIT       Cow3
*SFR* 00000090H.7 DATA     BIT       Cow4
*SFR* 000000D0H.7 DATA     BIT       CY
*SFR* 00000083H   DATA     BYTE      DPH
*SFR* 00000082H   DATA     BYTE      DPL
*SFR* 000000A8H.7 DATA     BIT       EA
*SFR* 000000A8H.4 DATA     BIT       ES
*SFR* 000000A8H.1 DATA     BIT       ET0
*SFR* 000000A8H.3 DATA     BIT       ET1
*SFR* 000000A8H.5 DATA     BIT       ET2
*SFR* 000000A8H   DATA     BIT       EX0
*SFR* 000000A8H.2 DATA     BIT       EX1
*SFR* 000000D0H.5 DATA     BIT       F0
*SFR* 000000D0H.1 DATA     BIT       F1
*SFR* 000000A8H   DATA     BYTE      IE
*SFR* 00000088H.1 DATA     BIT       IE0
LX51 LINKER/LOCATER V4.41                                                             09/01/2018  23:40:50  PAGE 3


*SFR* 00000088H.3 DATA     BIT       IE1
*SFR* 000000B0H.2 DATA     BIT       INT0
*SFR* 000000B0H.3 DATA     BIT       INT1
*SFR* 000000B8H   DATA     BYTE      IP
*SFR* 00000088H   DATA     BIT       IT0
*SFR* 00000088H.2 DATA     BIT       IT1
      01000003H   CODE     ---       Key_in
      010000B9H   CODE     ---       KeyPress
*SFR* 000000A0H.1 DATA     BIT       LCD_EN
      01000148H   CODE     ---       LCD_Init
*SFR* 000000A0H   DATA     BIT       LCD_RS
      010001C9H   CODE     ---       main
*SFR* 000000D0H.2 DATA     BIT       OV
*SFR* 000000D0H   DATA     BIT       P
*SFR* 00000080H   DATA     BYTE      P0
*SFR* 00000080H   DATA     BIT       P0_0
*SFR* 00000080H.1 DATA     BIT       P0_1
*SFR* 00000080H.2 DATA     BIT       P0_2
*SFR* 00000080H.3 DATA     BIT       P0_3
*SFR* 00000080H.4 DATA     BIT       P0_4
*SFR* 00000080H.5 DATA     BIT       P0_5
*SFR* 00000080H.6 DATA     BIT       P0_6
*SFR* 00000080H.7 DATA     BIT       P0_7
*SFR* 00000090H   DATA     BYTE      P1
*SFR* 00000090H   DATA     BIT       P1_0
*SFR* 00000090H.1 DATA     BIT       P1_1
*SFR* 00000090H.2 DATA     BIT       P1_2
*SFR* 00000090H.3 DATA     BIT       P1_3
*SFR* 00000090H.4 DATA     BIT       P1_4
*SFR* 00000090H.5 DATA     BIT       P1_5
*SFR* 00000090H.6 DATA     BIT       P1_6
*SFR* 00000090H.7 DATA     BIT       P1_7
*SFR* 000000A0H   DATA     BYTE      P2
*SFR* 000000A0H   DATA     BIT       P2_0
*SFR* 000000A0H.1 DATA     BIT       P2_1
*SFR* 000000A0H.2 DATA     BIT       P2_2
*SFR* 000000A0H.3 DATA     BIT       P2_3
*SFR* 000000A0H.4 DATA     BIT       P2_4
*SFR* 000000A0H.5 DATA     BIT       P2_5
*SFR* 000000A0H.6 DATA     BIT       P2_6
*SFR* 000000A0H.7 DATA     BIT       P2_7
*SFR* 000000B0H   DATA     BYTE      P3
*SFR* 000000B0H   DATA     BIT       P3_0
*SFR* 000000B0H.1 DATA     BIT       P3_1
*SFR* 000000B0H.2 DATA     BIT       P3_2
*SFR* 000000B0H.3 DATA     BIT       P3_3
*SFR* 000000B0H.4 DATA     BIT       P3_4
*SFR* 000000B0H.5 DATA     BIT       P3_5
*SFR* 000000B0H.6 DATA     BIT       P3_6
*SFR* 000000B0H.7 DATA     BIT       P3_7
*SFR* 00000087H   DATA     BYTE      PCON
*SFR* 000000B8H.4 DATA     BIT       PS
*SFR* 000000D0H   DATA     BYTE      PSW
*SFR* 000000B8H.1 DATA     BIT       PT0
*SFR* 000000B8H.3 DATA     BIT       PT1
*SFR* 000000B8H.5 DATA     BIT       PT2
*SFR* 000000B8H   DATA     BIT       PX0
*SFR* 000000B8H.2 DATA     BIT       PX1
*SFR* 00000098H.2 DATA     BIT       RB8
*SFR* 000000B0H.7 DATA     BIT       RD
*SFR* 00000098H.4 DATA     BIT       REN
*SFR* 00000098H   DATA     BIT       RI
*SFR* 000000D0H.3 DATA     BIT       RS0
*SFR* 000000D0H.4 DATA     BIT       RS1
*SFR* 000000B0H   DATA     BIT       RXD
LX51 LINKER/LOCATER V4.41                                                             09/01/2018  23:40:50  PAGE 4


*SFR* 00000099H   DATA     BYTE      SBUF
*SFR* 00000098H   DATA     BYTE      SCON
*SFR* 00000098H.7 DATA     BIT       SM0
*SFR* 00000098H.6 DATA     BIT       SM1
*SFR* 00000098H.5 DATA     BIT       SM2
*SFR* 00000081H   DATA     BYTE      SP
*SFR* 000000B0H.4 DATA     BIT       T0
*SFR* 000000B0H.5 DATA     BIT       T1
*SFR* 00000098H.3 DATA     BIT       TB8
*SFR* 00000088H   DATA     BYTE      TCON
*SFR* 00000088H.5 DATA     BIT       TF0
*SFR* 00000088H.7 DATA     BIT       TF1
*SFR* 0000008CH   DATA     BYTE      TH0
*SFR* 0000008DH   DATA     BYTE      TH1
*SFR* 00000098H.1 DATA     BIT       TI
*SFR* 0000008AH   DATA     BYTE      TL0
*SFR* 0000008BH   DATA     BYTE      TL1
*SFR* 00000089H   DATA     BYTE      TMOD
*SFR* 00000088H.4 DATA     BIT       TR0
*SFR* 00000088H.6 DATA     BIT       TR1
*SFR* 000000B0H.1 DATA     BIT       TXD
*SFR* 000000B0H.6 DATA     BIT       WR



SYMBOL TABLE OF MODULE:  May_tinh (MAY_TINH)

      VALUE       REP       CLASS    TYPE      SYMBOL NAME
      ====================================================
      ---         MODULE    ---      ---       MAY_TINH
      010001C9H   PUBLIC    CODE     ---       main
      01000003H   PUBLIC    CODE     ---       Key_in
      01000148H   PUBLIC    CODE     ---       LCD_Init
      010001AEH   PUBLIC    CODE     ---       _LCD_chr_cp
      01000194H   PUBLIC    CODE     ---       _LCD_cmd
      010000B9H   PUBLIC    CODE     ---       KeyPress
      00000080H   SFRSYM    DATA     BYTE      P0
      00000090H   SFRSYM    DATA     BYTE      P1
      000000A0H   SFRSYM    DATA     BYTE      P2
      000000B0H   SFRSYM    DATA     BYTE      P3
      000000D0H.6 SFRSYM    DATA     BIT       AC
      000000B0H.4 SFRSYM    DATA     BIT       T0
      000000B0H.5 SFRSYM    DATA     BIT       T1
      000000A8H.7 SFRSYM    DATA     BIT       EA
      000000A8H   SFRSYM    DATA     BYTE      IE
      00000080H   SFRSYM    DATA     BIT       P0_0
      00000090H   SFRSYM    DATA     BIT       P1_0
      00000080H.1 SFRSYM    DATA     BIT       P0_1
      000000A0H   SFRSYM    DATA     BIT       P2_0
      00000090H.1 SFRSYM    DATA     BIT       P1_1
      00000080H.2 SFRSYM    DATA     BIT       P0_2
      000000B0H   SFRSYM    DATA     BIT       P3_0
      000000A0H.1 SFRSYM    DATA     BIT       P2_1
      00000090H.2 SFRSYM    DATA     BIT       P1_2
      00000080H.3 SFRSYM    DATA     BIT       P0_3
      000000B0H.1 SFRSYM    DATA     BIT       P3_1
      000000A0H.2 SFRSYM    DATA     BIT       P2_2
      00000090H.3 SFRSYM    DATA     BIT       P1_3
      00000080H.4 SFRSYM    DATA     BIT       P0_4
      000000B0H.2 SFRSYM    DATA     BIT       P3_2
      000000A0H.3 SFRSYM    DATA     BIT       P2_3
      00000090H.4 SFRSYM    DATA     BIT       P1_4
      00000080H.5 SFRSYM    DATA     BIT       P0_5
      000000B0H.7 SFRSYM    DATA     BIT       RD
      000000B0H.3 SFRSYM    DATA     BIT       P3_3
LX51 LINKER/LOCATER V4.41                                                             09/01/2018  23:40:50  PAGE 5


      000000A0H.4 SFRSYM    DATA     BIT       P2_4
      00000090H.5 SFRSYM    DATA     BIT       P1_5
      00000080H.6 SFRSYM    DATA     BIT       P0_6
      000000B0H.4 SFRSYM    DATA     BIT       P3_4
      000000A0H.5 SFRSYM    DATA     BIT       P2_5
      00000090H.6 SFRSYM    DATA     BIT       P1_6
      00000080H.7 SFRSYM    DATA     BIT       P0_7
      000000B0H.5 SFRSYM    DATA     BIT       P3_5
      000000A8H.4 SFRSYM    DATA     BIT       ES
      000000A0H.6 SFRSYM    DATA     BIT       P2_6
      00000090H.7 SFRSYM    DATA     BIT       P1_7
      000000B0H.6 SFRSYM    DATA     BIT       P3_6
      000000A0H.7 SFRSYM    DATA     BIT       P2_7
      000000B8H   SFRSYM    DATA     BYTE      IP
      000000B0H.7 SFRSYM    DATA     BIT       P3_7
      00000098H   SFRSYM    DATA     BIT       RI
      000000D0H.7 SFRSYM    DATA     BIT       CY
      000000B0H.2 SFRSYM    DATA     BIT       INT0
      000000B0H.3 SFRSYM    DATA     BIT       INT1
      00000098H.1 SFRSYM    DATA     BIT       TI
      000000B8H.4 SFRSYM    DATA     BIT       PS
      00000081H   SFRSYM    DATA     BYTE      SP
      000000D0H.2 SFRSYM    DATA     BIT       OV
      000000B0H.6 SFRSYM    DATA     BIT       WR
      00000099H   SFRSYM    DATA     BYTE      SBUF
      00000087H   SFRSYM    DATA     BYTE      PCON
      00000098H   SFRSYM    DATA     BYTE      SCON
      00000089H   SFRSYM    DATA     BYTE      TMOD
      00000088H   SFRSYM    DATA     BYTE      TCON
      00000088H.1 SFRSYM    DATA     BIT       IE0
      00000088H.3 SFRSYM    DATA     BIT       IE1
      000000F0H   SFRSYM    DATA     BYTE      B
      000000A0H.1 SFRSYM    DATA     BIT       LCD_EN
      000000E0H   SFRSYM    DATA     BYTE      ACC
      000000A8H.1 SFRSYM    DATA     BIT       ET0
      000000A8H.3 SFRSYM    DATA     BIT       ET1
      00000088H.5 SFRSYM    DATA     BIT       TF0
      000000A8H.5 SFRSYM    DATA     BIT       ET2
      00000088H.7 SFRSYM    DATA     BIT       TF1
      00000098H.2 SFRSYM    DATA     BIT       RB8
      0000008CH   SFRSYM    DATA     BYTE      TH0
      000000A8H   SFRSYM    DATA     BIT       EX0
      00000088H   SFRSYM    DATA     BIT       IT0
      0000008DH   SFRSYM    DATA     BYTE      TH1
      000000A8H.2 SFRSYM    DATA     BIT       EX1
      00000098H.3 SFRSYM    DATA     BIT       TB8
      00000088H.2 SFRSYM    DATA     BIT       IT1
      000000D0H   SFRSYM    DATA     BIT       P
      00000090H   SFRSYM    DATA     BIT       Col1
      00000098H.7 SFRSYM    DATA     BIT       SM0
      0000008AH   SFRSYM    DATA     BYTE      TL0
      00000090H.1 SFRSYM    DATA     BIT       Col2
      00000098H.6 SFRSYM    DATA     BIT       SM1
      0000008BH   SFRSYM    DATA     BYTE      TL1
      00000090H.2 SFRSYM    DATA     BIT       Col3
      00000098H.5 SFRSYM    DATA     BIT       SM2
      00000090H.3 SFRSYM    DATA     BIT       Col4
      000000B8H.1 SFRSYM    DATA     BIT       PT0
      000000D0H.3 SFRSYM    DATA     BIT       RS0
      000000B8H.3 SFRSYM    DATA     BIT       PT1
      000000D0H.4 SFRSYM    DATA     BIT       RS1
      000000B8H.5 SFRSYM    DATA     BIT       PT2
      00000088H.4 SFRSYM    DATA     BIT       TR0
      00000088H.6 SFRSYM    DATA     BIT       TR1
      000000B8H   SFRSYM    DATA     BIT       PX0
LX51 LINKER/LOCATER V4.41                                                             09/01/2018  23:40:50  PAGE 6


      000000A0H   SFRSYM    DATA     BIT       LCD_RS
      000000B8H.2 SFRSYM    DATA     BIT       PX1
      00000090H.4 SFRSYM    DATA     BIT       Cow1
      00000090H.5 SFRSYM    DATA     BIT       Cow2
      00000083H   SFRSYM    DATA     BYTE      DPH
      00000090H.6 SFRSYM    DATA     BIT       Cow3
      00000090H.7 SFRSYM    DATA     BIT       Cow4
      00000082H   SFRSYM    DATA     BYTE      DPL
      00000098H.4 SFRSYM    DATA     BIT       REN
      000000B0H   SFRSYM    DATA     BIT       RXD
      000000B0H.1 SFRSYM    DATA     BIT       TXD
      000000D0H.5 SFRSYM    DATA     BIT       F0
      000000D0H.1 SFRSYM    DATA     BIT       F1
      000000D0H   SFRSYM    DATA     BYTE      PSW

      010000B9H   BLOCK     CODE     ---       LVL=0
      010000B9H   BLOCK     CODE     NEAR LAB  LVL=1
      00000007H   SYMBOL    DATA     BYTE      key
      ---         BLOCKEND  ---      ---       LVL=1
      010000B9H   LINE      CODE     ---       #4
      010000B9H   LINE      CODE     ---       #5
      010000B9H   LINE      CODE     ---       #6
      010000BBH   LINE      CODE     ---       #7
      010000BDH   LINE      CODE     ---       #8
      010000C1H   LINE      CODE     ---       #9
      010000C6H   LINE      CODE     ---       #10
      010000CBH   LINE      CODE     ---       #11
      010000D0H   LINE      CODE     ---       #12
      010000D2H   LINE      CODE     ---       #14
      010000D4H   LINE      CODE     ---       #15
      010000D9H   LINE      CODE     ---       #16
      010000DEH   LINE      CODE     ---       #17
      010000E3H   LINE      CODE     ---       #18
      010000E8H   LINE      CODE     ---       #19
      010000EAH   LINE      CODE     ---       #21
      010000ECH   LINE      CODE     ---       #22
      010000F1H   LINE      CODE     ---       #23
      010000F6H   LINE      CODE     ---       #24
      010000FBH   LINE      CODE     ---       #25
      01000100H   LINE      CODE     ---       #26
      01000102H   LINE      CODE     ---       #28
      01000104H   LINE      CODE     ---       #29
      01000109H   LINE      CODE     ---       #30
      0100010EH   LINE      CODE     ---       #31
      01000113H   LINE      CODE     ---       #32
      01000118H   LINE      CODE     ---       #33
      0100011AH   LINE      CODE     ---       #35
      0100011AH   LINE      CODE     ---       #36
      ---         BLOCKEND  ---      ---       LVL=0

      01000194H   BLOCK     CODE     ---       LVL=0
      00000007H   SYMBOL    DATA     BYTE      cmd
      01000194H   LINE      CODE     ---       #37
      01000194H   LINE      CODE     ---       #38
      01000194H   LINE      CODE     ---       #39
      01000196H   LINE      CODE     ---       #40
      01000198H   LINE      CODE     ---       #41
      0100019AH   LINE      CODE     ---       #42
      0100019CH   LINE      CODE     ---       #43
      010001A6H   LINE      CODE     ---       #44
      010001ADH   LINE      CODE     ---       #45
      ---         BLOCKEND  ---      ---       LVL=0

      010001AEH   BLOCK     CODE     ---       LVL=0
      00000007H   SYMBOL    DATA     CHAR      c
LX51 LINKER/LOCATER V4.41                                                             09/01/2018  23:40:50  PAGE 7


      010001AEH   LINE      CODE     ---       #46
      010001AEH   LINE      CODE     ---       #47
      010001AEH   LINE      CODE     ---       #48
      010001B0H   LINE      CODE     ---       #49
      010001B2H   LINE      CODE     ---       #50
      010001B4H   LINE      CODE     ---       #51
      010001B6H   LINE      CODE     ---       #52
      ---         BLOCKEND  ---      ---       LVL=0

      01000148H   BLOCK     CODE     ---       LVL=0
      01000148H   LINE      CODE     ---       #63
      01000148H   LINE      CODE     ---       #64
      01000148H   LINE      CODE     ---       #65
      0100014DH   LINE      CODE     ---       #66
      01000154H   LINE      CODE     ---       #67
      01000159H   LINE      CODE     ---       #68
      01000160H   LINE      CODE     ---       #69
      01000165H   LINE      CODE     ---       #70
      0100016AH   LINE      CODE     ---       #71
      0100016FH   LINE      CODE     ---       #72
      ---         BLOCKEND  ---      ---       LVL=0

      01000003H   BLOCK     CODE     ---       LVL=0
      01000003H   BLOCK     CODE     NEAR LAB  LVL=1
      00000008H   SYMBOL    DATA     BYTE      tmp
      ---         BLOCKEND  ---      ---       LVL=1
      01000003H   LINE      CODE     ---       #74
      01000003H   LINE      CODE     ---       #75
      01000003H   LINE      CODE     ---       #77
      0100000AH   LINE      CODE     ---       #78
      01000055H   LINE      CODE     ---       #79
      01000055H   LINE      CODE     ---       #80
      0100005AH   LINE      CODE     ---       #81
      0100005CH   LINE      CODE     ---       #82
      0100005FH   LINE      CODE     ---       #83
      01000061H   LINE      CODE     ---       #84
      01000064H   LINE      CODE     ---       #85
      01000066H   LINE      CODE     ---       #86
      01000069H   LINE      CODE     ---       #87
      0100006BH   LINE      CODE     ---       #88
      0100006EH   LINE      CODE     ---       #89
      01000070H   LINE      CODE     ---       #90
      01000073H   LINE      CODE     ---       #91
      01000075H   LINE      CODE     ---       #92
      01000078H   LINE      CODE     ---       #93
      0100007AH   LINE      CODE     ---       #94
      0100007DH   LINE      CODE     ---       #95
      0100007FH   LINE      CODE     ---       #96
      01000082H   LINE      CODE     ---       #97
      01000084H   LINE      CODE     ---       #98
      01000087H   LINE      CODE     ---       #99
      01000089H   LINE      CODE     ---       #100
      0100008CH   LINE      CODE     ---       #101
      0100008EH   LINE      CODE     ---       #102
      01000091H   LINE      CODE     ---       #103
      01000093H   LINE      CODE     ---       #104
      01000096H   LINE      CODE     ---       #105
      01000098H   LINE      CODE     ---       #106
      0100009BH   LINE      CODE     ---       #107
      0100009DH   LINE      CODE     ---       #108
      010000A0H   LINE      CODE     ---       #109
      010000A2H   LINE      CODE     ---       #110
      010000A5H   LINE      CODE     ---       #111
      010000A5H   LINE      CODE     ---       #112
      010000A5H   LINE      CODE     ---       #114
LX51 LINKER/LOCATER V4.41                                                             09/01/2018  23:40:50  PAGE 8


      010000A5H   LINE      CODE     ---       #115
      010000ABH   LINE      CODE     ---       #116
      010000ABH   LINE      CODE     ---       #117
      010000B0H   LINE      CODE     ---       #118
      010000B8H   LINE      CODE     ---       #120
      ---         BLOCKEND  ---      ---       LVL=0

      010001C9H   BLOCK     CODE     ---       LVL=0
      010001C9H   LINE      CODE     ---       #122
      010001C9H   LINE      CODE     ---       #123
      010001C9H   LINE      CODE     ---       #125
      010001CCH   LINE      CODE     ---       #126
      010001CCH   LINE      CODE     ---       #127
      010001CCH   LINE      CODE     ---       #128
      010001CFH   LINE      CODE     ---       #129
      ---         BLOCKEND  ---      ---       LVL=0

      ---         MODULE    ---      ---       DELAY
      01000174H   PUBLIC    CODE     ---       _delay

      01000174H   BLOCK     CODE     ---       LVL=0
      00000006H   SYMBOL    DATA     WORD      t
      01000174H   BLOCK     CODE     NEAR LAB  LVL=1
      00000004H   SYMBOL    DATA     WORD      x
      00000002H   SYMBOL    DATA     WORD      y
      ---         BLOCKEND  ---      ---       LVL=1
      01000174H   LINE      CODE     ---       #2
      01000174H   LINE      CODE     ---       #3
      01000174H   LINE      CODE     ---       #5
      0100017EH   LINE      CODE     ---       #6
      01000193H   LINE      CODE     ---       #7
      ---         BLOCKEND  ---      ---       LVL=0

      ---         MODULE    ---      ---       ?C_STARTUP
      01000000H   PUBLIC    CODE     ---       ?C_STARTUP

      ---         MODULE    ---      ---       ?C?CLDOPTR
      0100011BH   PUBLIC    CODE     ---       ?C?CLDOPTR

Program Size: data=10.0 xdata=0 const=0 code=465
LX51 RUN COMPLETE.  0 WARNING(S),  0 ERROR(S)
